[    0.000000] Linux version 6.18.0-thor_kernel-eandres-g24172e0d7990-dirty (root@eandres) (gcc (GCC) 15.2.0, GNU ld (GNU Binutils) 2.45) #2 SMP PREEMPT_DYNAMIC Wed Nov 12 13:46:31 CET 2025
[    0.000000] Command line: BOOT_IMAGE=/vmlinuz-6.18.0-thor_kernel root=/dev/sda3 ro
[    0.000000] BIOS-provided physical RAM map:
[    0.000000] BIOS-e820: [mem 0x0000000000000000-0x000000000009ffff] usable
[    0.000000] BIOS-e820: [mem 0x0000000000100000-0x00000000de180fff] usable
[    0.000000] BIOS-e820: [mem 0x00000000de181000-0x00000000de1c9fff] reserved
[    0.000000] BIOS-e820: [mem 0x00000000de1ca000-0x00000000deceefff] usable
[    0.000000] BIOS-e820: [mem 0x00000000decef000-0x00000000def6efff] reserved
[    0.000000] BIOS-e820: [mem 0x00000000def6f000-0x00000000def7efff] ACPI data
[    0.000000] BIOS-e820: [mem 0x00000000def7f000-0x00000000deffefff] ACPI NVS
[    0.000000] BIOS-e820: [mem 0x00000000defff000-0x00000000df36afff] usable
[    0.000000] BIOS-e820: [mem 0x00000000df36b000-0x00000000dffeffff] reserved
[    0.000000] BIOS-e820: [mem 0x00000000ffc00000-0x00000000ffffffff] reserved
[    0.000000] BIOS-e820: [mem 0x0000000100000000-0x000000015bcfffff] usable
[    0.000000] NX (Execute Disable) protection: active
[    0.000000] APIC: Static calls initialized
[    0.000000] efi: EFI v2.7 by EDK II
[    0.000000] efi: ACPI=0xdef7e000 ACPI 2.0=0xdef7e014 SMBIOS=0xdeffd000 
[    0.000000] efi: Remove mem118: MMIO range=[0xffc00000-0xffffffff] (4MB) from e820 map
[    0.000000] e820: remove [mem 0xffc00000-0xffffffff] reserved
[    0.000000] SMBIOS 2.5 present.
[    0.000000] DMI: innotek GmbH VirtualBox/VirtualBox, BIOS VirtualBox 12/01/2006
[    0.000000] DMI: Memory slots populated: 0/0
[    0.000000] Hypervisor detected: KVM
[    0.000000] last_pfn = 0xdf36b max_arch_pfn = 0x400000000
[    0.000000] kvm-clock: Using msrs 4b564d01 and 4b564d00
[    0.000001] kvm-clock: using sched offset of 6022737279 cycles
[    0.000003] clocksource: kvm-clock: mask: 0xffffffffffffffff max_cycles: 0x1cd42e4dffb, max_idle_ns: 881590591483 ns
[    0.000006] tsc: Detected 2999.850 MHz processor
[    0.000883] e820: update [mem 0x00000000-0x00000fff] usable ==> reserved
[    0.000886] e820: remove [mem 0x000a0000-0x000fffff] usable
[    0.000891] last_pfn = 0x15bd00 max_arch_pfn = 0x400000000
[    0.000897] MTRRs disabled by BIOS
[    0.000899] x86/PAT: Configuration [0-7]: WB  WC  UC- UC  WB  WP  UC- WT  
[    0.000905] last_pfn = 0xdf36b max_arch_pfn = 0x400000000
[    0.000936] found SMP MP-table at [mem 0x0009fff0-0x0009ffff]
[    0.001251] Secure boot disabled
[    0.001254] ACPI: Early table checksum verification disabled
[    0.001256] ACPI: RSDP 0x00000000DEF7E014 000024 (v02 VBOX  )
[    0.001259] ACPI: XSDT 0x00000000DEF7D0E8 000044 (v01 VBOX   VBOXFACP 00000001      01000013)
[    0.001264] ACPI: FACP 0x00000000DEF79000 0000F4 (v04 VBOX   VBOXFACP 00000001 ASL  00000061)
[    0.001268] ACPI: DSDT 0x00000000DEF7A000 002353 (v02 VBOX   VBOXBIOS 00000002 INTL 20200925)
[    0.001271] ACPI: FACS 0x00000000DEFFE000 000040
[    0.001274] ACPI: APIC 0x00000000DEF78000 00008C (v02 VBOX   VBOXAPIC 00000001 ASL  00000061)
[    0.001276] ACPI: SSDT 0x00000000DEF77000 00036C (v01 VBOX   VBOXCPUT 00000002 INTL 20200925)
[    0.001279] ACPI: BGRT 0x00000000DEF76000 000038 (v01 INTEL  EDK2     00000002      01000013)
[    0.001281] ACPI: Reserving FACP table memory at [mem 0xdef79000-0xdef790f3]
[    0.001282] ACPI: Reserving DSDT table memory at [mem 0xdef7a000-0xdef7c352]
[    0.001283] ACPI: Reserving FACS table memory at [mem 0xdeffe000-0xdeffe03f]
[    0.001283] ACPI: Reserving APIC table memory at [mem 0xdef78000-0xdef7808b]
[    0.001284] ACPI: Reserving SSDT table memory at [mem 0xdef77000-0xdef7736b]
[    0.001285] ACPI: Reserving BGRT table memory at [mem 0xdef76000-0xdef76037]
[    0.001449] No NUMA configuration found
[    0.001449] Faking a node at [mem 0x0000000000000000-0x000000015bcfffff]
[    0.001452] NODE_DATA(0) allocated [mem 0x15bcfc900-0x15bcfffff]
[    0.001537] Zone ranges:
[    0.001537]   DMA      [mem 0x0000000000001000-0x0000000000ffffff]
[    0.001539]   DMA32    [mem 0x0000000001000000-0x00000000ffffffff]
[    0.001540]   Normal   [mem 0x0000000100000000-0x000000015bcfffff]
[    0.001541] Movable zone start for each node
[    0.001542] Early memory node ranges
[    0.001542]   node   0: [mem 0x0000000000001000-0x000000000009ffff]
[    0.001543]   node   0: [mem 0x0000000000100000-0x00000000de180fff]
[    0.001545]   node   0: [mem 0x00000000de1ca000-0x00000000deceefff]
[    0.001545]   node   0: [mem 0x00000000defff000-0x00000000df36afff]
[    0.001546]   node   0: [mem 0x0000000100000000-0x000000015bcfffff]
[    0.001547] Initmem setup node 0 [mem 0x0000000000001000-0x000000015bcfffff]
[    0.001647] On node 0, zone DMA: 1 pages in unavailable ranges
[    0.001677] On node 0, zone DMA: 96 pages in unavailable ranges
[    0.011466] On node 0, zone DMA32: 73 pages in unavailable ranges
[    0.011479] On node 0, zone DMA32: 784 pages in unavailable ranges
[    0.015853] On node 0, zone Normal: 3221 pages in unavailable ranges
[    0.015984] On node 0, zone Normal: 17152 pages in unavailable ranges
[    0.016307] ACPI: PM-Timer IO Port: 0xb008
[    0.016356] IOAPIC[0]: apic_id 8, version 32, address 0xfec00000, GSI 0-23
[    0.016359] ACPI: INT_SRC_OVR (bus 0 bus_irq 0 global_irq 2 dfl dfl)
[    0.016360] ACPI: INT_SRC_OVR (bus 0 bus_irq 9 global_irq 9 low level)
[    0.016363] ACPI: Using ACPI (MADT) for SMP configuration information
[    0.016371] e820: update [mem 0xdd36f000-0xdd389fff] usable ==> reserved
[    0.016385] CPU topo: Max. logical packages:   1
[    0.016386] CPU topo: Max. logical dies:       1
[    0.016386] CPU topo: Max. dies per package:   1
[    0.016393] CPU topo: Max. threads per core:   1
[    0.016393] CPU topo: Num. cores per package:     8
[    0.016394] CPU topo: Num. threads per package:   8
[    0.016394] CPU topo: Allowing 8 present CPUs plus 0 hotplug CPUs
[    0.016411] PM: hibernation: Registered nosave memory: [mem 0x00000000-0x00000fff]
[    0.016413] PM: hibernation: Registered nosave memory: [mem 0x000a0000-0x000fffff]
[    0.016414] PM: hibernation: Registered nosave memory: [mem 0xdd36f000-0xdd389fff]
[    0.016415] PM: hibernation: Registered nosave memory: [mem 0xde181000-0xde1c9fff]
[    0.016416] PM: hibernation: Registered nosave memory: [mem 0xdecef000-0xdeffefff]
[    0.016417] PM: hibernation: Registered nosave memory: [mem 0xdf36b000-0xffffffff]
[    0.016418] [mem 0xdfff0000-0xffffffff] available for PCI devices
[    0.016419] Booting paravirtualized kernel on KVM
[    0.016421] clocksource: refined-jiffies: mask: 0xffffffff max_cycles: 0xffffffff, max_idle_ns: 1910969940391419 ns
[    0.021548] setup_percpu: NR_CPUS:64 nr_cpumask_bits:8 nr_cpu_ids:8 nr_node_ids:1
[    0.021779] percpu: Embedded 52 pages/cpu s172824 r8192 d31976 u262144
[    0.021784] pcpu-alloc: s172824 r8192 d31976 u262144 alloc=1*2097152
[    0.021786] pcpu-alloc: [0] 0 1 2 3 4 5 6 7 
[    0.021805] Kernel command line: BOOT_IMAGE=/vmlinuz-6.18.0-thor_kernel root=/dev/sda3 ro
[    0.021837] random: crng init done
[    0.021838] printk: log buffer data + meta data: 262144 + 917504 = 1179648 bytes
[    0.022590] Dentry cache hash table entries: 1048576 (order: 11, 8388608 bytes, linear)
[    0.023085] Inode-cache hash table entries: 524288 (order: 10, 4194304 bytes, linear)
[    0.023201] software IO TLB: area num 8.
[    0.035993] Fallback order for Node 0: 0 
[    0.035999] Built 1 zonelists, mobility grouping on.  Total pages: 1289393
[    0.036000] Policy zone: Normal
[    0.036002] mem auto-init: stack:all(zero), heap alloc:off, heap free:off
[    0.043588] SLUB: HWalign=64, Order=0-3, MinObjects=0, CPUs=8, Nodes=1
[    0.043600] Kernel/User page tables isolation: enabled
[    0.044585] Dynamic Preempt: voluntary
[    0.044714] rcu: Preemptible hierarchical RCU implementation.
[    0.044715] rcu: 	RCU event tracing is enabled.
[    0.044716] rcu: 	RCU restricting CPUs from NR_CPUS=64 to nr_cpu_ids=8.
[    0.044717] 	Trampoline variant of Tasks RCU enabled.
[    0.044717] 	Tracing variant of Tasks RCU enabled.
[    0.044718] rcu: RCU calculated value of scheduler-enlistment delay is 100 jiffies.
[    0.044718] rcu: Adjusting geometry for rcu_fanout_leaf=16, nr_cpu_ids=8
[    0.044725] RCU Tasks: Setting shift to 3 and lim to 1 rcu_task_cb_adjust=1 rcu_task_cpu_ids=8.
[    0.044727] RCU Tasks Trace: Setting shift to 3 and lim to 1 rcu_task_cb_adjust=1 rcu_task_cpu_ids=8.
[    0.048437] NR_IRQS: 4352, nr_irqs: 488, preallocated irqs: 16
[    0.048635] rcu: srcu_init: Setting srcu_struct sizes based on contention.
[    0.049020] Console: colour dummy device 80x25
[    0.049023] printk: legacy console [tty0] enabled
[    0.049279] ACPI: Core revision 20250807
[    0.049343] APIC: Switch to symmetric I/O mode setup
[    0.049652] x2apic enabled
[    0.049979] APIC: Switched APIC routing to: physical x2apic
[    0.051292] ..TIMER: vector=0x30 apic1=0 pin1=2 apic2=-1 pin2=-1
[    0.051321] clocksource: tsc-early: mask: 0xffffffffffffffff max_cycles: 0x2b3db7a2113, max_idle_ns: 440795257973 ns
[    0.051330] Calibrating delay loop (skipped) preset value.. 5999.70 BogoMIPS (lpj=2999850)
[    0.051451] Last level iTLB entries: 4KB 128, 2MB 8, 4MB 8
[    0.051454] Last level dTLB entries: 4KB 64, 2MB 32, 4MB 32, 1GB 4
[    0.051461] mitigations: Enabled attack vectors: user_kernel, user_user, SMT mitigations: auto
[    0.051466] Speculative Store Bypass: Vulnerable
[    0.051469] SRBDS: Unknown: Dependent on hypervisor status
[    0.051472] Spectre V2 : Mitigation: Retpolines
[    0.051474] RETBleed: Vulnerable
[    0.051476] ITS: Mitigation: Aligned branch/return thunks
[    0.051478] MDS: Mitigation: Clear CPU buffers
[    0.051481] MMIO Stale Data: Mitigation: Clear CPU buffers
[    0.051483] Spectre V1 : Mitigation: usercopy/swapgs barriers and __user pointer sanitization
[    0.051487] Spectre V2 : Spectre v2 / SpectreRSB: Filling RSB on context switch and VMEXIT
[    0.051493] GDS: Unknown: Dependent on hypervisor status
[    0.051495] active return thunk: its_return_thunk
[    0.051515] x86/fpu: Supporting XSAVE feature 0x001: 'x87 floating point registers'
[    0.051519] x86/fpu: Supporting XSAVE feature 0x002: 'SSE registers'
[    0.051522] x86/fpu: Supporting XSAVE feature 0x004: 'AVX registers'
[    0.051525] x86/fpu: xstate_offset[2]:  576, xstate_sizes[2]:  256
[    0.051528] x86/fpu: Enabled xstate features 0x7, context size is 832 bytes, using 'standard' format.
[    0.072556] Freeing SMP alternatives memory: 56K
[    0.072568] pid_max: default: 32768 minimum: 301
[    0.072593] LSM: initializing lsm=capability,selinux
[    0.072612] SELinux:  Initializing.
[    0.072742] Mount-cache hash table entries: 16384 (order: 5, 131072 bytes, linear)
[    0.072752] Mountpoint-cache hash table entries: 16384 (order: 5, 131072 bytes, linear)
[    0.176328] smpboot: CPU0: Intel(R) Core(TM) i5-8500 CPU @ 3.00GHz (family: 0x6, model: 0x9e, stepping: 0xa)
[    0.176328] Performance Events: unsupported CPU family 6 model 158 no PMU driver, software events only.
[    0.176328] signal: max sigframe size: 1776
[    0.176328] rcu: Hierarchical SRCU implementation.
[    0.176328] rcu: 	Max phase no-delay instances is 400.
[    0.176328] Timer migration: 1 hierarchy levels; 8 children per group; 1 crossnode level
[    0.176328] smp: Bringing up secondary CPUs ...
[    0.176328] smpboot: x86: Booting SMP configuration:
[    0.176328] .... node  #0, CPUs:      #1 #2 #3 #4 #5 #6 #7
[    0.196560] smp: Brought up 1 node, 8 CPUs
[    0.196570] smpboot: Total of 8 processors activated (47997.60 BogoMIPS)
[    0.200355] Memory: 4947932K/5157572K available (19053K kernel code, 2909K rwdata, 7456K rodata, 2836K init, 884K bss, 204028K reserved, 0K cma-reserved)
[    0.200516] devtmpfs: initialized
[    0.200616] ACPI: PM: Registering ACPI NVS region [mem 0xdef7f000-0xdeffefff] (524288 bytes)
[    0.201384] clocksource: jiffies: mask: 0xffffffff max_cycles: 0xffffffff, max_idle_ns: 1911260446275000 ns
[    0.201384] posixtimers hash table entries: 4096 (order: 4, 65536 bytes, linear)
[    0.201384] futex hash table entries: 2048 (131072 bytes on 1 NUMA nodes, total 128 KiB, linear).
[    0.201424] PM: RTC time: 14:50:16, date: 2025-11-12
[    0.201637] NET: Registered PF_NETLINK/PF_ROUTE protocol family
[    0.201714] audit: initializing netlink subsys (disabled)
[    0.201734] audit: type=2000 audit(1762959023.752:1): state=initialized audit_enabled=0 res=1
[    0.201734] thermal_sys: Registered thermal governor 'step_wise'
[    0.201734] cpuidle: using governor menu
[    0.201734] PCI: Using configuration type 1 for base access
[    0.202403] kprobes: kprobe jump-optimization is enabled. All kprobes are optimized if possible.
[    0.206570] HugeTLB: registered 2.00 MiB page size, pre-allocated 0 pages
[    0.206575] HugeTLB: 28 KiB vmemmap can be freed for a 2.00 MiB page
[    0.216356] ACPI: Added _OSI(Module Device)
[    0.216361] ACPI: Added _OSI(Processor Device)
[    0.216364] ACPI: Added _OSI(Processor Aggregator Device)
[    0.217894] ACPI: 2 ACPI AML tables successfully acquired and loaded
[    0.218918] ACPI: Interpreter enabled
[    0.218918] ACPI: PM: (supports S0 S5)
[    0.218918] ACPI: Using IOAPIC for interrupt routing
[    0.219333] PCI: Using host bridge windows from ACPI; if necessary, use "pci=nocrs" and report a bug
[    0.219338] PCI: Using E820 reservations for host bridge windows
[    0.219409] ACPI: Enabled 2 GPEs in block 00 to 07
[    0.222877] ACPI: PCI Root Bridge [PCI0] (domain 0000 [bus 00-ff])
[    0.222884] acpi PNP0A03:00: _OSC: OS supports [ASPM ClockPM Segments MSI HPX-Type3]
[    0.222889] acpi PNP0A03:00: _OSC: not requesting OS control; OS requires [ExtendedConfig ASPM ClockPM MSI]
[    0.223129] acpi PNP0A03:00: fail to add MMCONFIG information, can't access extended configuration space under this bridge
[    0.223214] PCI host bridge to bus 0000:00
[    0.223218] pci_bus 0000:00: root bus resource [io  0x0000-0x0cf7 window]
[    0.223222] pci_bus 0000:00: root bus resource [io  0x0d00-0xffff window]
[    0.223225] pci_bus 0000:00: root bus resource [mem 0x000a0000-0x000bffff window]
[    0.223229] pci_bus 0000:00: root bus resource [mem 0xe0000000-0xfdffffff window]
[    0.223232] pci_bus 0000:00: root bus resource [bus 00-ff]
[    0.223342] pci 0000:00:00.0: [8086:1237] type 00 class 0x060000 conventional PCI endpoint
[    0.223731] pci 0000:00:01.0: [8086:7000] type 00 class 0x060100 conventional PCI endpoint
[    0.224132] pci 0000:00:01.1: [8086:7111] type 00 class 0x01018a conventional PCI endpoint
[    0.224407] pci 0000:00:01.1: BAR 4 [io  0xc180-0xc18f]
[    0.224440] pci 0000:00:01.1: BAR 0 [io  0x01f0-0x01f7]: legacy IDE quirk
[    0.224444] pci 0000:00:01.1: BAR 1 [io  0x03f6]: legacy IDE quirk
[    0.224446] pci 0000:00:01.1: BAR 2 [io  0x0170-0x0177]: legacy IDE quirk
[    0.224449] pci 0000:00:01.1: BAR 3 [io  0x0376]: legacy IDE quirk
[    0.224575] pci 0000:00:02.0: [15ad:0405] type 00 class 0x030000 conventional PCI endpoint
[    0.225671] pci 0000:00:02.0: BAR 0 [io  0xc170-0xc17f]
[    0.225683] pci 0000:00:02.0: BAR 1 [mem 0xe0000000-0xe0ffffff pref]
[    0.225694] pci 0000:00:02.0: BAR 2 [mem 0xe1400000-0xe15fffff]
[    0.226383] pci 0000:00:02.0: Video device with shadowed ROM at [mem 0x000c0000-0x000dffff]
[    0.226564] pci 0000:00:03.0: [8086:100e] type 00 class 0x020000 conventional PCI endpoint
[    0.228474] pci 0000:00:03.0: BAR 0 [mem 0xe1600000-0xe161ffff]
[    0.228492] pci 0000:00:03.0: BAR 2 [io  0xc1a0-0xc1a7]
[    0.229399] pci 0000:00:04.0: [80ee:cafe] type 00 class 0x088000 conventional PCI endpoint
[    0.230545] pci 0000:00:04.0: BAR 0 [io  0xc140-0xc15f]
[    0.230558] pci 0000:00:04.0: BAR 1 [mem 0xe1000000-0xe13fffff]
[    0.230568] pci 0000:00:04.0: BAR 2 [mem 0xe1620000-0xe1623fff pref]
[    0.230738] pci 0000:00:05.0: [8086:2415] type 00 class 0x040100 conventional PCI endpoint
[    0.231419] pci 0000:00:05.0: BAR 0 [io  0xc000-0xc0ff]
[    0.231429] pci 0000:00:05.0: BAR 1 [io  0xc100-0xc13f]
[    0.231594] pci 0000:00:06.0: [106b:003f] type 00 class 0x0c0310 conventional PCI endpoint
[    0.233400] pci 0000:00:06.0: BAR 0 [mem 0xe1627000-0xe1627fff]
[    0.233622] pci 0000:00:07.0: [8086:7113] type 00 class 0x068000 conventional PCI endpoint
[    0.233917] pci 0000:00:07.0: quirk: [io  0xb000-0xb03f] claimed by PIIX4 ACPI
[    0.233928] pci 0000:00:07.0: quirk: [io  0x4100-0x410f] claimed by PIIX4 SMB
[    0.234104] pci 0000:00:0b.0: [8086:265c] type 00 class 0x0c0320 conventional PCI endpoint
[    0.235548] pci 0000:00:0b.0: BAR 0 [mem 0xe1626000-0xe1626fff]
[    0.236464] pci 0000:00:0d.0: [8086:2829] type 00 class 0x010601 conventional PCI endpoint
[    0.238329] pci 0000:00:0d.0: BAR 0 [io  0xc198-0xc19f]
[    0.238342] pci 0000:00:0d.0: BAR 1 [io  0xc1ac-0xc1af]
[    0.238352] pci 0000:00:0d.0: BAR 2 [io  0xc190-0xc197]
[    0.238361] pci 0000:00:0d.0: BAR 3 [io  0xc1a8-0xc1ab]
[    0.238379] pci 0000:00:0d.0: BAR 4 [io  0xc160-0xc16f]
[    0.238388] pci 0000:00:0d.0: BAR 5 [mem 0xe1624000-0xe1625fff]
[    0.239932] ACPI: PCI: Interrupt link LNKA configured for IRQ 10
[    0.240085] ACPI: PCI: Interrupt link LNKB configured for IRQ 10
[    0.240144] ACPI: PCI: Interrupt link LNKC configured for IRQ 11
[    0.240377] ACPI: PCI: Interrupt link LNKD configured for IRQ 11
[    0.240482] iommu: Default domain type: Translated
[    0.240485] iommu: DMA domain TLB invalidation policy: lazy mode
[    0.241384] SCSI subsystem initialized
[    0.241420] libata version 3.00 loaded.
[    0.241420] ACPI: bus type USB registered
[    0.241420] usbcore: registered new interface driver usbfs
[    0.241420] usbcore: registered new interface driver hub
[    0.241420] usbcore: registered new device driver usb
[    0.241420] pps_core: LinuxPPS API ver. 1 registered
[    0.241420] pps_core: Software ver. 5.3.6 - Copyright 2005-2007 Rodolfo Giometti <giometti@linux.it>
[    0.241420] PTP clock support registered
[    0.242385] efivars: Registered efivars operations
[    0.242385] Advanced Linux Sound Architecture Driver Initialized.
[    0.242502] NetLabel: Initializing
[    0.242505] NetLabel:  domain hash size = 128
[    0.242508] NetLabel:  protocols = UNLABELED CIPSOv4 CALIPSO
[    0.242522] NetLabel:  unlabeled traffic allowed by default
[    0.242539] PCI: Using ACPI for IRQ routing
[    0.242539] PCI: pci_cache_line_size set to 64 bytes
[    0.242539] e820: reserve RAM buffer [mem 0xdd36f000-0xdfffffff]
[    0.242539] e820: reserve RAM buffer [mem 0xde181000-0xdfffffff]
[    0.242539] e820: reserve RAM buffer [mem 0xdecef000-0xdfffffff]
[    0.242539] e820: reserve RAM buffer [mem 0xdf36b000-0xdfffffff]
[    0.242539] e820: reserve RAM buffer [mem 0x15bd00000-0x15bffffff]
[    0.242539] pci 0000:00:02.0: vgaarb: setting as boot VGA device
[    0.242539] pci 0000:00:02.0: vgaarb: bridge control possible
[    0.242539] pci 0000:00:02.0: vgaarb: VGA device added: decodes=io+mem,owns=io+mem,locks=none
[    0.242539] vgaarb: loaded
[    0.250277] clocksource: Switched to clocksource kvm-clock
[    0.250584] VFS: Disk quotas dquot_6.6.0
[    0.250593] VFS: Dquot-cache hash table entries: 512 (order 0, 4096 bytes)
[    0.252528] pnp: PnP ACPI init
[    0.253034] pnp: PnP ACPI: found 2 devices
[    0.261207] clocksource: acpi_pm: mask: 0xffffff max_cycles: 0xffffff, max_idle_ns: 2085701024 ns
[    0.261240] NET: Registered PF_INET protocol family
[    0.261303] IP idents hash table entries: 131072 (order: 8, 1048576 bytes, linear)
[    0.262202] tcp_listen_portaddr_hash hash table entries: 4096 (order: 4, 65536 bytes, linear)
[    0.262202] Table-perturb hash table entries: 65536 (order: 6, 262144 bytes, linear)
[    0.262202] TCP established hash table entries: 65536 (order: 7, 524288 bytes, linear)
[    0.262202] TCP bind hash table entries: 65536 (order: 9, 2097152 bytes, linear)
[    0.262202] TCP: Hash tables configured (established 65536 bind 65536)
[    0.262202] UDP hash table entries: 4096 (order: 6, 262144 bytes, linear)
[    0.262202] UDP-Lite hash table entries: 4096 (order: 6, 262144 bytes, linear)
[    0.262202] NET: Registered PF_UNIX/PF_LOCAL protocol family
[    0.263203] RPC: Registered named UNIX socket transport module.
[    0.263208] RPC: Registered udp transport module.
[    0.263211] RPC: Registered tcp transport module.
[    0.263217] RPC: Registered tcp-with-tls transport module.
[    0.263220] RPC: Registered tcp NFSv4.1 backchannel transport module.
[    0.263653] pci_bus 0000:00: resource 4 [io  0x0000-0x0cf7 window]
[    0.263659] pci_bus 0000:00: resource 5 [io  0x0d00-0xffff window]
[    0.263662] pci_bus 0000:00: resource 6 [mem 0x000a0000-0x000bffff window]
[    0.263666] pci_bus 0000:00: resource 7 [mem 0xe0000000-0xfdffffff window]
[    0.263697] pci 0000:00:00.0: Limiting direct PCI/PCI transfers
[    0.264634] PCI: CLS 0 bytes, default 64
[    0.264634] PCI-DMA: Using software bounce buffering for IO (SWIOTLB)
[    0.264634] software IO TLB: mapped [mem 0x00000000d7fbe000-0x00000000dbfbe000] (64MB)
[    0.264634] RAPL PMU: API unit is 2^-32 Joules, 0 fixed counters, 10737418240 ms ovfl timer
[    0.264634] clocksource: tsc: mask: 0xffffffffffffffff max_cycles: 0x2b3db7a2113, max_idle_ns: 440795257973 ns
[    0.271314] clocksource: Switched to clocksource tsc
[    0.271333] platform rtc_cmos: registered platform RTC device (no PNP device found)
[    0.317557] Initialise system trusted keyrings
[    0.317713] workingset: timestamp_bits=40 max_order=21 bucket_order=0
[    0.317952] NFS: Registering the id_resolver key type
[    0.317959] Key type id_resolver registered
[    0.317962] Key type id_legacy registered
[    0.318009] 9p: Installing v9fs 9p2000 file system support
[    0.320381] Key type asymmetric registered
[    0.320381] Asymmetric key parser 'x509' registered
[    0.320381] Block layer SCSI generic (bsg) driver version 0.4 loaded (major 251)
[    0.320381] io scheduler mq-deadline registered
[    0.320381] io scheduler kyber registered
[    0.329726] ACPI: AC: AC Adapter [AC] (on-line)
[    0.329768] input: Power Button as /devices/LNXSYSTM:00/LNXPWRBN:00/input/input0
[    0.329822] ACPI: button: Power Button [PWRF]
[    0.329847] input: Sleep Button as /devices/LNXSYSTM:00/LNXSLPBN:00/input/input1
[    0.329887] ACPI: button: Sleep Button [SLPF]
[    0.329922] ACPI: video: Video Device [GFX0] (multi-head: yes  rom: no  post: no)
[    0.329968] input: Video Bus as /devices/LNXSYSTM:00/LNXSYBUS:00/PNP0A03:00/LNXVIDEO:00/input/input2
[    0.330878] Serial: 8250/16550 driver, 4 ports, IRQ sharing enabled
[    0.331364] Non-volatile memory driver v1.3
[    0.331368] Linux agpgart interface v0.103
[    0.331432] ACPI: bus type drm_connector registered
[    0.333369] loop: module loaded
[    0.333821] ahci 0000:00:0d.0: SSS flag set, parallel bus scan disabled
[    0.334066] ahci 0000:00:0d.0: AHCI vers 0001.0100, 32 command slots, 3 Gbps, SATA mode
[    0.334072] ahci 0000:00:0d.0: 5/5 ports implemented (port mask 0x1f)
[    0.334075] ahci 0000:00:0d.0: flags: 64bit ncq stag only ccc 
[    0.334974] scsi host0: ahci
[    0.335243] scsi host1: ahci
[    0.335535] scsi host2: ahci
[    0.335790] scsi host3: ahci
[    0.335968] scsi host4: ahci
[    0.336009] ata1: SATA max UDMA/133 abar m8192@0xe1624000 port 0xe1624100 irq 21 lpm-pol 1
[    0.336017] ata2: SATA max UDMA/133 abar m8192@0xe1624000 port 0xe1624180 irq 21 lpm-pol 1
[    0.336024] ata3: SATA max UDMA/133 abar m8192@0xe1624000 port 0xe1624200 irq 21 lpm-pol 1 ext
[    0.336031] ata4: SATA max UDMA/133 abar m8192@0xe1624000 port 0xe1624280 irq 21 lpm-pol 1 ext
[    0.336038] ata5: SATA max UDMA/133 abar m8192@0xe1624000 port 0xe1624300 irq 21 lpm-pol 1 ext
[    0.336707] scsi host5: ata_piix
[    0.337035] scsi host6: ata_piix
[    0.337064] ata6: PATA max UDMA/33 cmd 0x1f0 ctl 0x3f6 bmdma 0xc180 irq 14 lpm-pol 0
[    0.337069] ata7: PATA max UDMA/33 cmd 0x170 ctl 0x376 bmdma 0xc188 irq 15 lpm-pol 0
[    0.337252] e100: Intel(R) PRO/100 Network Driver
[    0.337255] e100: Copyright(c) 1999-2006 Intel Corporation
[    0.337264] e1000: Intel(R) PRO/1000 Network Driver
[    0.337267] e1000: Copyright (c) 1999-2006 Intel Corporation.
[    0.826162] ata7.00: ATAPI: VBOX CD-ROM, 1.0, max UDMA/133
[    0.926066] ata1: SATA link up 3.0 Gbps (SStatus 123 SControl 300)
[    0.926305] ata1.00: ATA-6: VBOX HARDDISK, 1.0, max UDMA/133
[    0.926311] ata1.00: 41943040 sectors, multi 128: LBA48 NCQ (depth 32)
[    0.926566] ata1.00: configured for UDMA/133
[    0.928686] scsi 0:0:0:0: Direct-Access     ATA      VBOX HARDDISK    1.0  PQ: 0 ANSI: 5
[    0.928956] scsi 0:0:0:0: Attached scsi generic sg0 type 0
[    0.929029] sd 0:0:0:0: [sda] 41943040 512-byte logical blocks: (21.5 GB/20.0 GiB)
[    0.929037] sd 0:0:0:0: [sda] Write Protect is off
[    0.929040] sd 0:0:0:0: [sda] Mode Sense: 00 3a 00 00
[    0.929048] sd 0:0:0:0: [sda] Write cache: enabled, read cache: enabled, doesn't support DPO or FUA
[    0.929062] sd 0:0:0:0: [sda] Preferred minimum I/O size 512 bytes
[    1.276282]  sda: sda1 sda2 sda3
[    1.276538] sd 0:0:0:0: [sda] Attached SCSI disk
[    1.281103] e1000 0000:00:03.0 eth0: (PCI:33MHz:32-bit) 08:00:27:c7:f6:0b
[    1.281112] e1000 0000:00:03.0 eth0: Intel(R) PRO/1000 Network Connection
[    1.281135] e1000e: Intel(R) PRO/1000 Network Driver
[    1.281138] e1000e: Copyright(c) 1999 - 2015 Intel Corporation.
[    1.281151] sky2: driver version 1.30
[    1.281697] ehci-pci 0000:00:0b.0: EHCI Host Controller
[    1.282075] ehci-pci 0000:00:0b.0: new USB bus registered, assigned bus number 1
[    1.282245] ehci-pci 0000:00:0b.0: irq 19, io mem 0xe1626000
[    1.288393] ehci-pci 0000:00:0b.0: USB 2.0 started, EHCI 1.00
[    1.288429] usb usb1: New USB device found, idVendor=1d6b, idProduct=0002, bcdDevice= 6.18
[    1.288434] usb usb1: New USB device strings: Mfr=3, Product=2, SerialNumber=1
[    1.288438] usb usb1: Product: EHCI Host Controller
[    1.288440] usb usb1: Manufacturer: Linux 6.18.0-thor_kernel-eandres-g24172e0d7990-dirty ehci_hcd
[    1.288444] usb usb1: SerialNumber: 0000:00:0b.0
[    1.288614] hub 1-0:1.0: USB hub found
[    1.288621] hub 1-0:1.0: 12 ports detected
[    1.288818] ohci-pci 0000:00:06.0: OHCI PCI host controller
[    1.288944] ohci-pci 0000:00:06.0: new USB bus registered, assigned bus number 2
[    1.289034] ohci-pci 0000:00:06.0: irq 22, io mem 0xe1627000
[    1.831979] ata2: SATA link up 3.0 Gbps (SStatus 123 SControl 300)
[    1.832160] ata2.00: ATA-6: VBOX HARDDISK, 1.0, max UDMA/133
[    1.832165] ata2.00: 62914560 sectors, multi 128: LBA48 NCQ (depth 32)
[    1.832390] ata2.00: configured for UDMA/133
[    1.832861] scsi 1:0:0:0: Direct-Access     ATA      VBOX HARDDISK    1.0  PQ: 0 ANSI: 5
[    1.833044] scsi 1:0:0:0: Attached scsi generic sg1 type 0
[    1.833067] usb usb2: New USB device found, idVendor=1d6b, idProduct=0001, bcdDevice= 6.18
[    1.833074] usb usb2: New USB device strings: Mfr=3, Product=2, SerialNumber=1
[    1.833078] usb usb2: Product: OHCI PCI host controller
[    1.833081] usb usb2: Manufacturer: Linux 6.18.0-thor_kernel-eandres-g24172e0d7990-dirty ohci_hcd
[    1.833085] usb usb2: SerialNumber: 0000:00:06.0
[    1.833176] hub 2-0:1.0: USB hub found
[    1.833330] hub 2-0:1.0: 12 ports detected
[    1.833357] sd 1:0:0:0: [sdb] 62914560 512-byte logical blocks: (32.2 GB/30.0 GiB)
[    1.833366] sd 1:0:0:0: [sdb] Write Protect is off
[    1.833369] sd 1:0:0:0: [sdb] Mode Sense: 00 3a 00 00
[    1.833405] sd 1:0:0:0: [sdb] Write cache: enabled, read cache: enabled, doesn't support DPO or FUA
[    1.833429] sd 1:0:0:0: [sdb] Preferred minimum I/O size 512 bytes
[    1.833801] usbcore: registered new interface driver usblp
[    1.833815] usbcore: registered new interface driver usb-storage
[    1.833843] i8042: PNP: PS/2 Controller [PNP0303:PS2K,PNP0f03:PS2M] at 0x60,0x64 irq 1,12
[    1.834330] serio: i8042 KBD port at 0x60,0x64 irq 1
[    1.834337] serio: i8042 AUX port at 0x60,0x64 irq 12
[    1.834725] input: AT Translated Set 2 keyboard as /devices/platform/i8042/serio0/input/input3
[    1.835117] rtc_cmos rtc_cmos: registered as rtc0
[    1.835177] rtc_cmos rtc_cmos: alarms up to one day, 114 bytes nvram
[    1.835368] device-mapper: ioctl: 4.50.0-ioctl (2025-04-28) initialised: dm-devel@lists.linux.dev
[    1.835377] intel_pstate: CPU model not supported
[    1.835568] simple-framebuffer simple-framebuffer.0: [drm] Registered 1 planes with drm panic
[    1.835573] [drm] Initialized simpledrm 1.0.0 for simple-framebuffer.0 on minor 0
[    1.837374] Console: switching to colour frame buffer device 128x48
[    1.837374] simple-framebuffer simple-framebuffer.0: [drm] fb0: simpledrmdrmfb frame buffer device
[    1.839499] hid: raw HID events driver (C) Jiri Kosina
[    1.839679] usbcore: registered new interface driver usbhid
[    1.839687] usbhid: USB HID core driver
[    1.840676] Initializing XFRM netlink socket
[    1.840746] NET: Registered PF_INET6 protocol family
[    1.841268] Segment Routing with IPv6
[    1.841297] In-situ OAM (IOAM) with IPv6
[    1.841353] sit: IPv6, IPv4 and MPLS over IPv4 tunneling driver
[    1.841522] NET: Registered PF_PACKET protocol family
[    1.841572] 9pnet: Installing 9P2000 support
[    1.841605] Key type dns_resolver registered
[    1.842421] IPI shorthand broadcast: enabled
[    1.842527] input: ImExPS/2 Generic Explorer Mouse as /devices/platform/i8042/serio1/input/input5
[    1.845586] sched_clock: Marking stable (1842358783, 2358481)->(1870005006, -25287742)
[    1.846452] registered taskstats version 1
[    1.846464] Loading compiled-in X.509 certificates
[    1.846921]  sdb: sdb1 sdb2 sdb3
[    1.848372] Demotion targets for Node 0: null
[    1.848461] PM:   Magic number: 1:206:839
[    1.848527] netconsole: network logging started
[    1.848600] cfg80211: Loading compiled-in X.509 certificates for regulatory database
[    1.848696] kworker/u35:2 (120) used greatest stack depth: 14920 bytes left
[    1.848945] kworker/u35:2 (121) used greatest stack depth: 13984 bytes left
[    1.849853] sd 1:0:0:0: [sdb] Attached SCSI disk
[    1.850330] Loaded X.509 cert 'sforshee: 00b28ddf47aef9cea7'
[    1.850741] Loaded X.509 cert 'wens: 61c038651aabdcf94bd0ac7ff06c7248db18c600'
[    1.851049] faux_driver regulatory: Direct firmware load for regulatory.db failed with error -2
[    1.851284] cfg80211: failed to load regulatory.db
[    1.851542] ALSA device list:
[    1.851812]   No soundcards found.
[    1.852051] check access for rdinit=/init failed: -2, ignoring
[    2.740827] ata3: SATA link down (SStatus 0 SControl 300)
[    3.075764] usb 2-1: new full-speed USB device number 2 using ohci-pci
[    3.279619] ata4: SATA link down (SStatus 0 SControl 300)
[    3.807582] usb 2-1: New USB device found, idVendor=80ee, idProduct=0021, bcdDevice= 1.00
[    3.807826] usb 2-1: New USB device strings: Mfr=1, Product=3, SerialNumber=0
[    3.808035] usb 2-1: Product: USB Tablet
[    3.808230] usb 2-1: Manufacturer: VirtualBox
[    3.816615] ata5: SATA link down (SStatus 0 SControl 300)
[    3.817238] scsi 6:0:0:0: CD-ROM            VBOX     CD-ROM           1.0  PQ: 0 ANSI: 5
[    3.821186] input: VirtualBox USB Tablet as /devices/pci0000:00/0000:00:06.0/usb2/2-1/2-1:1.0/0003:80EE:0021.0001/input/input6
[    3.822074] hid-generic 0003:80EE:0021.0001: input,hidraw0: USB HID v1.10 Mouse [VirtualBox USB Tablet] on usb-0000:00:06.0-1/input0
[    3.969156] sr 6:0:0:0: [sr0] scsi3-mmc drive: 32x/32x xa/form2 tray
[    3.969469] cdrom: Uniform CD-ROM driver Revision: 3.20
[    4.074419] sr 6:0:0:0: Attached scsi CD-ROM sr0
[    4.074537] sr 6:0:0:0: Attached scsi generic sg2 type 5
[    4.075594] md: Waiting for all devices to be available before autodetect
[    4.076208] md: If you don't use raid, use raid=noautodetect
[    4.076711] md: Autodetecting RAID arrays.
[    4.077134] md: autorun ...
[    4.077430] md: ... autorun DONE.
[    4.086156] EXT4-fs (sda3): INFO: recovery required on readonly filesystem
[    4.086411] EXT4-fs (sda3): write access will be enabled during recovery
[    4.438378] EXT4-fs (sda3): orphan cleanup on readonly fs
[    4.438924] EXT4-fs (sda3): recovery complete
[    4.442977] EXT4-fs (sda3): mounted filesystem 836e03d6-3891-4be5-9484-fc425992bc61 ro with ordered data mode. Quota mode: none.
[    4.443477] VFS: Mounted root (ext4 filesystem) readonly on device 8:3.
[    4.446365] devtmpfs: mounted
[    4.447489] Freeing unused kernel image (initmem) memory: 2836K
[    4.449869] Write protecting the kernel read-only data: 28672k
[    4.456825] Freeing unused kernel image (text/rodata gap) memory: 1424K
[    4.458209] Freeing unused kernel image (rodata/data gap) memory: 736K
[    4.506471] x86/mm: Checked W+X mappings: passed, no W+X pages found.
[    4.506729] x86/mm: Checking user space page tables
[    4.554675] x86/mm: Checked W+X mappings: passed, no W+X pages found.
[    4.556768] Run /sbin/init as init process
[    4.557042]   with arguments:
[    4.557043]     /sbin/init
[    4.557044]   with environment:
[    4.557044]     HOME=/
[    4.557045]     TERM=linux
[    4.816036] stty (133) used greatest stack depth: 12632 bytes left
[    4.849527] ls (136) used greatest stack depth: 12504 bytes left
[    5.090457] ip (234) used greatest stack depth: 12472 bytes left
[    5.308175] udevd[259]: Starting systemd-udevd version 257.8
[    5.336214] udevd[260]: Using default interface naming scheme 'v257'.
[    5.343744] udevd[260]: /usr/lib/udev/rules.d/50-udev-default.rules:46 Unknown group 'input', ignoring.
[    5.405014] e1000 0000:00:03.0 enp0s3: renamed from eth0
[    9.099148] Adding 2097148k swap on /dev/sda2.  Priority:1 extents:1 across:2097148k 
[    9.128193] EXT4-fs (sda3): re-mounted 836e03d6-3891-4be5-9484-fc425992bc61.
[    9.207112] EXT4-fs (sda3): re-mounted 836e03d6-3891-4be5-9484-fc425992bc61 r/w.
[    9.226109] FAT-fs (sda1): Volume was not properly unmounted. Some data may be corrupt. Please run fsck.
[   10.028186] rc (132) used greatest stack depth: 12000 bytes left
[   10.107160] e1000: enp0s3 NIC Link is Up 1000 Mbps Full Duplex, Flow Control: RX
