[    0.000000] Linux version 6.18.0-rc6-next-20251117-eandres (root@eandres) (gcc (GCC) 15.2.0, GNU ld (GNU Binutils) 2.45) #1 SMP PREEMPT_DYNAMIC Mon Nov 17 20:20:32 CET 2025
[    0.000000] Command line: BOOT_IMAGE=/vmlinuz-linux-next root=/dev/sda3 ro
[    0.000000] BIOS-provided physical RAM map:
[    0.000000] BIOS-e820: [mem 0x0000000000000000-0x000000000009ffff] usable
[    0.000000] BIOS-e820: [mem 0x0000000000100000-0x00000000de180fff] usable
[    0.000000] BIOS-e820: [mem 0x00000000de181000-0x00000000de1c9fff] reserved
[    0.000000] BIOS-e820: [mem 0x00000000de1ca000-0x00000000deceefff] usable
[    0.000000] BIOS-e820: [mem 0x00000000decef000-0x00000000def6efff] reserved
[    0.000000] BIOS-e820: [mem 0x00000000def6f000-0x00000000def7efff] ACPI data
[    0.000000] BIOS-e820: [mem 0x00000000def7f000-0x00000000deffefff] ACPI NVS
[    0.000000] BIOS-e820: [mem 0x00000000defff000-0x00000000df36afff] usable
[    0.000000] BIOS-e820: [mem 0x00000000df36b000-0x00000000dffeffff] reserved
[    0.000000] BIOS-e820: [mem 0x00000000ffc00000-0x00000000ffffffff] reserved
[    0.000000] BIOS-e820: [mem 0x0000000100000000-0x000000015bcfffff] usable
[    0.000000] NX (Execute Disable) protection: active
[    0.000000] APIC: Static calls initialized
[    0.000000] efi: EFI v2.7 by EDK II
[    0.000000] efi: ACPI=0xdef7e000 ACPI 2.0=0xdef7e014 SMBIOS=0xdeffd000 
[    0.000000] efi: Remove mem118: MMIO range=[0xffc00000-0xffffffff] (4MB) from e820 map
[    0.000000] e820: remove [mem 0xffc00000-0xffffffff] reserved
[    0.000000] SMBIOS 2.5 present.
[    0.000000] DMI: innotek GmbH VirtualBox/VirtualBox, BIOS VirtualBox 12/01/2006
[    0.000000] DMI: Memory slots populated: 0/0
[    0.000000] Hypervisor detected: KVM
[    0.000000] last_pfn = 0xdf36b max_arch_pfn = 0x400000000
[    0.000000] kvm-clock: Using msrs 4b564d01 and 4b564d00
[    0.000001] kvm-clock: using sched offset of 4161740285 cycles
[    0.000003] clocksource: kvm-clock: mask: 0xffffffffffffffff max_cycles: 0x1cd42e4dffb, max_idle_ns: 881590591483 ns
[    0.000005] tsc: Detected 2999.850 MHz processor
[    0.000881] e820: update [mem 0x00000000-0x00000fff] usable ==> reserved
[    0.000883] e820: remove [mem 0x000a0000-0x000fffff] usable
[    0.000888] last_pfn = 0x15bd00 max_arch_pfn = 0x400000000
[    0.000894] MTRRs disabled by BIOS
[    0.000896] x86/PAT: Configuration [0-7]: WB  WC  UC- UC  WB  WP  UC- WT  
[    0.000902] last_pfn = 0xdf36b max_arch_pfn = 0x400000000
[    0.029886] Secure boot disabled
[    0.029891] ACPI: Early table checksum verification disabled
[    0.029893] ACPI: RSDP 0x00000000DEF7E014 000024 (v02 VBOX  )
[    0.029897] ACPI: XSDT 0x00000000DEF7D0E8 000044 (v01 VBOX   VBOXFACP 00000001      01000013)
[    0.029901] ACPI: FACP 0x00000000DEF79000 0000F4 (v04 VBOX   VBOXFACP 00000001 ASL  00000061)
[    0.029905] ACPI: DSDT 0x00000000DEF7A000 002353 (v02 VBOX   VBOXBIOS 00000002 INTL 20200925)
[    0.029908] ACPI: FACS 0x00000000DEFFE000 000040
[    0.029910] ACPI: APIC 0x00000000DEF78000 00008C (v02 VBOX   VBOXAPIC 00000001 ASL  00000061)
[    0.029913] ACPI: SSDT 0x00000000DEF77000 00036C (v01 VBOX   VBOXCPUT 00000002 INTL 20200925)
[    0.029915] ACPI: BGRT 0x00000000DEF76000 000038 (v01 INTEL  EDK2     00000002      01000013)
[    0.029917] ACPI: Reserving FACP table memory at [mem 0xdef79000-0xdef790f3]
[    0.029918] ACPI: Reserving DSDT table memory at [mem 0xdef7a000-0xdef7c352]
[    0.029919] ACPI: Reserving FACS table memory at [mem 0xdeffe000-0xdeffe03f]
[    0.029920] ACPI: Reserving APIC table memory at [mem 0xdef78000-0xdef7808b]
[    0.029920] ACPI: Reserving SSDT table memory at [mem 0xdef77000-0xdef7736b]
[    0.029921] ACPI: Reserving BGRT table memory at [mem 0xdef76000-0xdef76037]
[    0.030061] No NUMA configuration found
[    0.030062] Faking a node at [mem 0x0000000000000000-0x000000015bcfffff]
[    0.030064] NODE_DATA(0) allocated [mem 0x15bcfc900-0x15bcfffff]
[    0.030190] Zone ranges:
[    0.030190]   DMA      [mem 0x0000000000001000-0x0000000000ffffff]
[    0.030192]   DMA32    [mem 0x0000000001000000-0x00000000ffffffff]
[    0.030193]   Normal   [mem 0x0000000100000000-0x000000015bcfffff]
[    0.030194] Movable zone start for each node
[    0.030195] Early memory node ranges
[    0.030195]   node   0: [mem 0x0000000000001000-0x000000000009ffff]
[    0.030196]   node   0: [mem 0x0000000000100000-0x00000000de180fff]
[    0.030197]   node   0: [mem 0x00000000de1ca000-0x00000000deceefff]
[    0.030198]   node   0: [mem 0x00000000defff000-0x00000000df36afff]
[    0.030199]   node   0: [mem 0x0000000100000000-0x000000015bcfffff]
[    0.030200] Initmem setup node 0 [mem 0x0000000000001000-0x000000015bcfffff]
[    0.030206] On node 0, zone DMA: 1 pages in unavailable ranges
[    0.030235] On node 0, zone DMA: 96 pages in unavailable ranges
[    0.037149] On node 0, zone DMA32: 73 pages in unavailable ranges
[    0.037163] On node 0, zone DMA32: 784 pages in unavailable ranges
[    0.040058] On node 0, zone Normal: 3221 pages in unavailable ranges
[    0.040183] On node 0, zone Normal: 17152 pages in unavailable ranges
[    0.040469] ACPI: PM-Timer IO Port: 0x4008
[    0.040514] IOAPIC[0]: apic_id 8, version 32, address 0xfec00000, GSI 0-23
[    0.040516] ACPI: INT_SRC_OVR (bus 0 bus_irq 0 global_irq 2 dfl dfl)
[    0.040518] ACPI: INT_SRC_OVR (bus 0 bus_irq 9 global_irq 9 low level)
[    0.040521] ACPI: Using ACPI (MADT) for SMP configuration information
[    0.040527] e820: update [mem 0xdd35e000-0xdd378fff] usable ==> reserved
[    0.040541] CPU topo: Max. logical packages:   1
[    0.040541] CPU topo: Max. logical dies:       1
[    0.040542] CPU topo: Max. dies per package:   1
[    0.040548] CPU topo: Max. threads per core:   1
[    0.040549] CPU topo: Num. cores per package:     8
[    0.040549] CPU topo: Num. threads per package:   8
[    0.040549] CPU topo: Allowing 8 present CPUs plus 0 hotplug CPUs
[    0.040566] PM: hibernation: Registered nosave memory: [mem 0x00000000-0x00000fff]
[    0.040567] PM: hibernation: Registered nosave memory: [mem 0x000a0000-0x000fffff]
[    0.040568] PM: hibernation: Registered nosave memory: [mem 0xdd35e000-0xdd378fff]
[    0.040570] PM: hibernation: Registered nosave memory: [mem 0xde181000-0xde1c9fff]
[    0.040571] PM: hibernation: Registered nosave memory: [mem 0xdecef000-0xdeffefff]
[    0.040572] PM: hibernation: Registered nosave memory: [mem 0xdf36b000-0xffffffff]
[    0.040573] [mem 0xdfff0000-0xffffffff] available for PCI devices
[    0.040574] Booting paravirtualized kernel on KVM
[    0.040575] clocksource: refined-jiffies: mask: 0xffffffff max_cycles: 0xffffffff, max_idle_ns: 1910969940391419 ns
[    0.045739] setup_percpu: NR_CPUS:64 nr_cpumask_bits:8 nr_cpu_ids:8 nr_node_ids:1
[    0.045997] percpu: Embedded 52 pages/cpu s173976 r8192 d30824 u262144
[    0.046002] pcpu-alloc: s173976 r8192 d30824 u262144 alloc=1*2097152
[    0.046005] pcpu-alloc: [0] 0 1 2 3 4 5 6 7 
[    0.046025] Kernel command line: BOOT_IMAGE=/vmlinuz-linux-next root=/dev/sda3 ro
[    0.046058] random: crng init done
[    0.046059] printk: log buffer data + meta data: 262144 + 917504 = 1179648 bytes
[    0.046842] Dentry cache hash table entries: 1048576 (order: 11, 8388608 bytes, linear)
[    0.047160] Inode-cache hash table entries: 524288 (order: 10, 4194304 bytes, linear)
[    0.047275] software IO TLB: area num 8.
[    0.058022] Fallback order for Node 0: 0 
[    0.058026] Built 1 zonelists, mobility grouping on.  Total pages: 1289393
[    0.058027] Policy zone: Normal
[    0.058029] mem auto-init: stack:all(zero), heap alloc:off, heap free:off
[    0.065978] SLUB: HWalign=64, Order=0-3, MinObjects=0, CPUs=8, Nodes=1
[    0.065992] Kernel/User page tables isolation: enabled
[    0.066995] Dynamic Preempt: voluntary
[    0.067030] rcu: Preemptible hierarchical RCU implementation.
[    0.067031] rcu: 	RCU event tracing is enabled.
[    0.067031] rcu: 	RCU restricting CPUs from NR_CPUS=64 to nr_cpu_ids=8.
[    0.067033] 	Trampoline variant of Tasks RCU enabled.
[    0.067033] 	Tracing variant of Tasks RCU enabled.
[    0.067034] rcu: RCU calculated value of scheduler-enlistment delay is 100 jiffies.
[    0.067035] rcu: Adjusting geometry for rcu_fanout_leaf=16, nr_cpu_ids=8
[    0.067041] RCU Tasks: Setting shift to 3 and lim to 1 rcu_task_cb_adjust=1 rcu_task_cpu_ids=8.
[    0.067043] RCU Tasks Trace: Setting shift to 3 and lim to 1 rcu_task_cb_adjust=1 rcu_task_cpu_ids=8.
[    0.070723] NR_IRQS: 4352, nr_irqs: 488, preallocated irqs: 16
[    0.070899] rcu: srcu_init: Setting srcu_struct sizes based on contention.
[    0.071257] Console: colour dummy device 80x25
[    0.071259] printk: legacy console [tty0] enabled
[    0.071509] ACPI: Core revision 20250807
[    0.071570] APIC: Switch to symmetric I/O mode setup
[    0.071868] x2apic enabled
[    0.072195] APIC: Switched APIC routing to: physical x2apic
[    0.073516] ..TIMER: vector=0x30 apic1=0 pin1=2 apic2=-1 pin2=-1
[    0.073546] clocksource: tsc-early: mask: 0xffffffffffffffff max_cycles: 0x2b3db7a2113, max_idle_ns: 440795257973 ns
[    0.073554] Calibrating delay loop (skipped) preset value.. 5999.70 BogoMIPS (lpj=2999850)
[    0.073681] Last level iTLB entries: 4KB 128, 2MB 8, 4MB 8
[    0.073684] Last level dTLB entries: 4KB 64, 2MB 32, 4MB 32, 1GB 4
[    0.073691] mitigations: Enabled attack vectors: user_kernel, user_user, SMT mitigations: auto
[    0.073696] Speculative Store Bypass: Vulnerable
[    0.073699] SRBDS: Unknown: Dependent on hypervisor status
[    0.073702] Spectre V2 : Mitigation: Retpolines
[    0.073704] RETBleed: Vulnerable
[    0.073706] ITS: Mitigation: Aligned branch/return thunks
[    0.073708] MDS: Mitigation: Clear CPU buffers
[    0.073710] MMIO Stale Data: Mitigation: Clear CPU buffers
[    0.073713] Spectre V1 : Mitigation: usercopy/swapgs barriers and __user pointer sanitization
[    0.073716] Spectre V2 : Spectre v2 / SpectreRSB: Filling RSB on context switch and VMEXIT
[    0.073722] GDS: Unknown: Dependent on hypervisor status
[    0.073725] active return thunk: its_return_thunk
[    0.073740] x86/fpu: Supporting XSAVE feature 0x001: 'x87 floating point registers'
[    0.073744] x86/fpu: Supporting XSAVE feature 0x002: 'SSE registers'
[    0.073747] x86/fpu: Supporting XSAVE feature 0x004: 'AVX registers'
[    0.073749] x86/fpu: xstate_offset[2]:  576, xstate_sizes[2]:  256
[    0.073753] x86/fpu: Enabled xstate features 0x7, context size is 832 bytes, using 'standard' format.
[    0.095755] Freeing SMP alternatives memory: 56K
[    0.095767] pid_max: default: 32768 minimum: 301
[    0.095808] SELinux:  Initializing.
[    0.095946] Mount-cache hash table entries: 16384 (order: 5, 131072 bytes, linear)
[    0.095957] Mountpoint-cache hash table entries: 16384 (order: 5, 131072 bytes, linear)
[    0.198037] smpboot: CPU0: Intel(R) Core(TM) i5-8500 CPU @ 3.00GHz (family: 0x6, model: 0x9e, stepping: 0xa)
[    0.198204] Performance Events: unsupported CPU family 6 model 158 no PMU driver, software events only.
[    0.198229] signal: max sigframe size: 1776
[    0.198250] rcu: Hierarchical SRCU implementation.
[    0.198253] rcu: 	Max phase no-delay instances is 400.
[    0.198282] Timer migration: 1 hierarchy levels; 8 children per group; 1 crossnode level
[    0.202313] smp: Bringing up secondary CPUs ...
[    0.202374] smpboot: x86: Booting SMP configuration:
[    0.202377] .... node  #0, CPUs:      #1 #2 #3 #4 #5 #6 #7
[    0.217562] smp: Brought up 1 node, 8 CPUs
[    0.217573] smpboot: Total of 8 processors activated (47997.60 BogoMIPS)
[    0.219739] Memory: 4947720K/5157572K available (19168K kernel code, 2914K rwdata, 7616K rodata, 2840K init, 844K bss, 204044K reserved, 0K cma-reserved)
[    0.219739] devtmpfs: initialized
[    0.220727] ACPI: PM: Registering ACPI NVS region [mem 0xdef7f000-0xdeffefff] (524288 bytes)
[    0.220727] clocksource: jiffies: mask: 0xffffffff max_cycles: 0xffffffff, max_idle_ns: 1911260446275000 ns
[    0.220727] posixtimers hash table entries: 4096 (order: 4, 65536 bytes, linear)
[    0.220727] futex hash table entries: 2048 (131072 bytes on 1 NUMA nodes, total 128 KiB, linear).
[    0.220727] PM: RTC time: 19:29:31, date: 2025-11-17
[    0.220859] NET: Registered PF_NETLINK/PF_ROUTE protocol family
[    0.220939] audit: initializing netlink subsys (disabled)
[    0.220960] audit: type=2000 audit(1763407777.549:1): state=initialized audit_enabled=0 res=1
[    0.220960] thermal_sys: Registered thermal governor 'step_wise'
[    0.220960] cpuidle: using governor menu
[    0.221643] PCI: Using configuration type 1 for base access
[    0.221716] kprobes: kprobe jump-optimization is enabled. All kprobes are optimized if possible.
[    0.221767] HugeTLB: registered 2.00 MiB page size, pre-allocated 0 pages
[    0.221771] HugeTLB: 28 KiB vmemmap can be freed for a 2.00 MiB page
[    0.229111] ACPI: Added _OSI(Module Device)
[    0.229116] ACPI: Added _OSI(Processor Device)
[    0.229118] ACPI: Added _OSI(Processor Aggregator Device)
[    0.230253] ACPI: 2 ACPI AML tables successfully acquired and loaded
[    0.231133] ACPI: Interpreter enabled
[    0.231133] ACPI: PM: (supports S0 S5)
[    0.231133] ACPI: Using IOAPIC for interrupt routing
[    0.231569] PCI: Using host bridge windows from ACPI; if necessary, use "pci=nocrs" and report a bug
[    0.231573] PCI: Using E820 reservations for host bridge windows
[    0.231644] ACPI: Enabled 2 GPEs in block 00 to 07
[    0.235147] ACPI: PCI Root Bridge [PCI0] (domain 0000 [bus 00-ff])
[    0.235155] acpi PNP0A03:00: _OSC: OS supports [ASPM ClockPM Segments MSI HPX-Type3]
[    0.235159] acpi PNP0A03:00: _OSC: not requesting OS control; OS requires [ExtendedConfig ASPM ClockPM MSI]
[    0.235398] acpi PNP0A03:00: fail to add MMCONFIG information, can't access extended configuration space under this bridge
[    0.235488] PCI host bridge to bus 0000:00
[    0.235492] pci_bus 0000:00: root bus resource [io  0x0000-0x0cf7 window]
[    0.235496] pci_bus 0000:00: root bus resource [io  0x0d00-0xffff window]
[    0.235499] pci_bus 0000:00: root bus resource [mem 0x000a0000-0x000bffff window]
[    0.235503] pci_bus 0000:00: root bus resource [mem 0xe0000000-0xfdffffff window]
[    0.235507] pci_bus 0000:00: root bus resource [bus 00-ff]
[    0.235672] pci 0000:00:00.0: [8086:1237] type 00 class 0x060000 conventional PCI endpoint
[    0.236062] pci 0000:00:01.0: [8086:7000] type 00 class 0x060100 conventional PCI endpoint
[    0.236471] pci 0000:00:01.1: [8086:7111] type 00 class 0x01018a conventional PCI endpoint
[    0.236720] pci 0000:00:01.1: BAR 4 [io  0xc180-0xc18f]
[    0.236754] pci 0000:00:01.1: BAR 0 [io  0x01f0-0x01f7]: legacy IDE quirk
[    0.236757] pci 0000:00:01.1: BAR 1 [io  0x03f6]: legacy IDE quirk
[    0.236760] pci 0000:00:01.1: BAR 2 [io  0x0170-0x0177]: legacy IDE quirk
[    0.236763] pci 0000:00:01.1: BAR 3 [io  0x0376]: legacy IDE quirk
[    0.236888] pci 0000:00:02.0: [15ad:0405] type 00 class 0x030000 conventional PCI endpoint
[    0.237903] pci 0000:00:02.0: BAR 0 [io  0xc170-0xc17f]
[    0.237915] pci 0000:00:02.0: BAR 1 [mem 0xe0000000-0xe0ffffff pref]
[    0.237925] pci 0000:00:02.0: BAR 2 [mem 0xe1400000-0xe15fffff]
[    0.237989] pci 0000:00:02.0: Video device with shadowed ROM at [mem 0x000c0000-0x000dffff]
[    0.238554] pci 0000:00:03.0: [8086:100e] type 00 class 0x020000 conventional PCI endpoint
[    0.240663] pci 0000:00:03.0: BAR 0 [mem 0xe1600000-0xe161ffff]
[    0.240680] pci 0000:00:03.0: BAR 2 [io  0xc1a0-0xc1a7]
[    0.241609] pci 0000:00:04.0: [80ee:cafe] type 00 class 0x088000 conventional PCI endpoint
[    0.242749] pci 0000:00:04.0: BAR 0 [io  0xc140-0xc15f]
[    0.242761] pci 0000:00:04.0: BAR 1 [mem 0xe1000000-0xe13fffff]
[    0.242771] pci 0000:00:04.0: BAR 2 [mem 0xe1630000-0xe1633fff pref]
[    0.242929] pci 0000:00:05.0: [8086:2415] type 00 class 0x040100 conventional PCI endpoint
[    0.243567] pci 0000:00:05.0: BAR 0 [io  0xc000-0xc0ff]
[    0.243577] pci 0000:00:05.0: BAR 1 [io  0xc100-0xc13f]
[    0.243746] pci 0000:00:07.0: [8086:7113] type 00 class 0x068000 conventional PCI endpoint
[    0.244044] pci 0000:00:07.0: quirk: [io  0x4000-0x403f] claimed by PIIX4 ACPI
[    0.244054] pci 0000:00:07.0: quirk: [io  0x4100-0x410f] claimed by PIIX4 SMB
[    0.244235] pci 0000:00:0c.0: [8086:1e31] type 00 class 0x0c0330 conventional PCI endpoint
[    0.246656] pci 0000:00:0c.0: BAR 0 [mem 0xe1620000-0xe162ffff]
[    0.246922] pci 0000:00:0d.0: [8086:2829] type 00 class 0x010601 conventional PCI endpoint
[    0.247777] pci 0000:00:0d.0: BAR 0 [io  0xc198-0xc19f]
[    0.247789] pci 0000:00:0d.0: BAR 1 [io  0xc1ac-0xc1af]
[    0.247804] pci 0000:00:0d.0: BAR 2 [io  0xc190-0xc197]
[    0.247814] pci 0000:00:0d.0: BAR 3 [io  0xc1a8-0xc1ab]
[    0.247822] pci 0000:00:0d.0: BAR 4 [io  0xc160-0xc16f]
[    0.247832] pci 0000:00:0d.0: BAR 5 [mem 0xe1634000-0xe1635fff]
[    0.251230] ACPI: PCI: Interrupt link LNKA configured for IRQ 10
[    0.251387] ACPI: PCI: Interrupt link LNKB configured for IRQ 10
[    0.251447] ACPI: PCI: Interrupt link LNKC configured for IRQ 11
[    0.251602] ACPI: PCI: Interrupt link LNKD configured for IRQ 11
[    0.251709] iommu: Default domain type: Translated
[    0.251713] iommu: DMA domain TLB invalidation policy: lazy mode
[    0.252103] SCSI subsystem initialized
[    0.252575] libata version 3.00 loaded.
[    0.252585] ACPI: bus type USB registered
[    0.252601] usbcore: registered new interface driver usbfs
[    0.252609] usbcore: registered new interface driver hub
[    0.252615] usbcore: registered new device driver usb
[    0.252628] pps_core: LinuxPPS API ver. 1 registered
[    0.252630] pps_core: Software ver. 5.3.6 - Copyright 2005-2007 Rodolfo Giometti <giometti@linux.it>
[    0.252635] PTP clock support registered
[    0.252663] efivars: Registered efivars operations
[    0.252663] Advanced Linux Sound Architecture Driver Initialized.
[    0.252727] NetLabel: Initializing
[    0.252730] NetLabel:  domain hash size = 128
[    0.252732] NetLabel:  protocols = UNLABELED CIPSOv4 CALIPSO
[    0.252747] NetLabel:  unlabeled traffic allowed by default
[    0.252767] PCI: Using ACPI for IRQ routing
[    0.252767] PCI: pci_cache_line_size set to 64 bytes
[    0.252767] e820: reserve RAM buffer [mem 0xdd35e000-0xdfffffff]
[    0.252767] e820: reserve RAM buffer [mem 0xde181000-0xdfffffff]
[    0.252767] e820: reserve RAM buffer [mem 0xdecef000-0xdfffffff]
[    0.252767] e820: reserve RAM buffer [mem 0xdf36b000-0xdfffffff]
[    0.252767] e820: reserve RAM buffer [mem 0x15bd00000-0x15bffffff]
[    0.252767] pci 0000:00:02.0: vgaarb: setting as boot VGA device
[    0.252767] pci 0000:00:02.0: vgaarb: bridge control possible
[    0.252767] pci 0000:00:02.0: vgaarb: VGA device added: decodes=io+mem,owns=io+mem,locks=none
[    0.252767] vgaarb: loaded
[    0.258542] clocksource: Switched to clocksource kvm-clock
[    0.258968] VFS: Disk quotas dquot_6.6.0
[    0.258974] VFS: Dquot-cache hash table entries: 512 (order 0, 4096 bytes)
[    0.259097] pnp: PnP ACPI init
[    0.259612] pnp: PnP ACPI: found 2 devices
[    0.267156] clocksource: acpi_pm: mask: 0xffffff max_cycles: 0xffffff, max_idle_ns: 2085701024 ns
[    0.267187] NET: Registered PF_INET protocol family
[    0.267257] IP idents hash table entries: 131072 (order: 8, 1048576 bytes, linear)
[    0.268150] tcp_listen_portaddr_hash hash table entries: 4096 (order: 4, 65536 bytes, linear)
[    0.268150] Table-perturb hash table entries: 65536 (order: 6, 262144 bytes, linear)
[    0.268150] TCP established hash table entries: 65536 (order: 7, 524288 bytes, linear)
[    0.268150] TCP bind hash table entries: 65536 (order: 9, 2097152 bytes, linear)
[    0.268150] TCP: Hash tables configured (established 65536 bind 65536)
[    0.268150] UDP hash table entries: 4096 (order: 6, 262144 bytes, linear)
[    0.268150] UDP-Lite hash table entries: 4096 (order: 6, 262144 bytes, linear)
[    0.268150] NET: Registered PF_UNIX/PF_LOCAL protocol family
[    0.268985] RPC: Registered named UNIX socket transport module.
[    0.268989] RPC: Registered udp transport module.
[    0.268991] RPC: Registered tcp transport module.
[    0.268993] RPC: Registered tcp-with-tls transport module.
[    0.268995] RPC: Registered tcp NFSv4.1 backchannel transport module.
[    0.269365] pci_bus 0000:00: resource 4 [io  0x0000-0x0cf7 window]
[    0.269370] pci_bus 0000:00: resource 5 [io  0x0d00-0xffff window]
[    0.269373] pci_bus 0000:00: resource 6 [mem 0x000a0000-0x000bffff window]
[    0.269377] pci_bus 0000:00: resource 7 [mem 0xe0000000-0xfdffffff window]
[    0.269406] pci 0000:00:00.0: Limiting direct PCI/PCI transfers
[    0.270114] PCI: CLS 0 bytes, default 64
[    0.270151] PCI-DMA: Using software bounce buffering for IO (SWIOTLB)
[    0.270155] software IO TLB: mapped [mem 0x00000000d7fbe000-0x00000000dbfbe000] (64MB)
[    0.270179] RAPL PMU: API unit is 2^-32 Joules, 0 fixed counters, 10737418240 ms ovfl timer
[    0.270189] clocksource: tsc: mask: 0xffffffffffffffff max_cycles: 0x2b3db7a2113, max_idle_ns: 440795257973 ns
[    0.278567] clocksource: Switched to clocksource tsc
[    0.278585] platform rtc_cmos: registered platform RTC device (no PNP device found)
[    0.334270] Initialise system trusted keyrings
[    0.334420] workingset: timestamp_bits=40 max_order=21 bucket_order=0
[    0.334643] NFS: Registering the id_resolver key type
[    0.334649] Key type id_resolver registered
[    0.334652] Key type id_legacy registered
[    0.334800] 9p: Installing v9fs 9p2000 file system support
[    0.337378] Key type asymmetric registered
[    0.337378] Asymmetric key parser 'x509' registered
[    0.337378] Block layer SCSI generic (bsg) driver version 0.4 loaded (major 251)
[    0.337378] io scheduler mq-deadline registered
[    0.337378] io scheduler kyber registered
[    0.347224] ACPI: AC: AC Adapter [AC] (on-line)
[    0.347266] input: Power Button as /devices/LNXSYSTM:00/LNXPWRBN:00/input/input0
[    0.347486] ACPI: button: Power Button [PWRF]
[    0.347513] input: Sleep Button as /devices/LNXSYSTM:00/LNXSLPBN:00/input/input1
[    0.347554] ACPI: button: Sleep Button [SLPF]
[    0.347590] ACPI: video: Video Device [GFX0] (multi-head: yes  rom: no  post: no)
[    0.347637] input: Video Bus as /devices/LNXSYSTM:00/LNXSYBUS:00/PNP0A03:00/LNXVIDEO:00/input/input2
[    0.348429] Serial: 8250/16550 driver, 4 ports, IRQ sharing enabled
[    0.348969] Non-volatile memory driver v1.3
[    0.348972] Linux agpgart interface v0.103
[    0.349026] ACPI: bus type drm_connector registered
[    0.351159] loop: module loaded
[    0.351650] ahci 0000:00:0d.0: SSS flag set, parallel bus scan disabled
[    0.351895] ahci 0000:00:0d.0: AHCI vers 0001.0100, 32 command slots, 3 Gbps, SATA mode
[    0.351901] ahci 0000:00:0d.0: 5/5 ports implemented (port mask 0x1f)
[    0.351904] ahci 0000:00:0d.0: flags: 64bit ncq stag only ccc 
[    0.352623] scsi host0: ahci
[    0.352824] scsi host1: ahci
[    0.353026] scsi host2: ahci
[    0.353204] scsi host3: ahci
[    0.353351] scsi host4: ahci
[    0.353400] ata1: SATA max UDMA/133 abar m8192@0xe1634000 port 0xe1634100 irq 21 lpm-pol 1
[    0.353409] ata2: SATA max UDMA/133 abar m8192@0xe1634000 port 0xe1634180 irq 21 lpm-pol 1
[    0.353416] ata3: SATA max UDMA/133 abar m8192@0xe1634000 port 0xe1634200 irq 21 lpm-pol 1 ext
[    0.353422] ata4: SATA max UDMA/133 abar m8192@0xe1634000 port 0xe1634280 irq 21 lpm-pol 1 ext
[    0.353429] ata5: SATA max UDMA/133 abar m8192@0xe1634000 port 0xe1634300 irq 21 lpm-pol 1 ext
[    0.353920] scsi host5: ata_piix
[    0.354014] scsi host6: ata_piix
[    0.354038] ata6: PATA max UDMA/33 cmd 0x1f0 ctl 0x3f6 bmdma 0xc180 irq 14 lpm-pol 0
[    0.354042] ata7: PATA max UDMA/33 cmd 0x170 ctl 0x376 bmdma 0xc188 irq 15 lpm-pol 0
[    0.354234] e100: Intel(R) PRO/100 Network Driver
[    0.354237] e100: Copyright(c) 1999-2006 Intel Corporation
[    0.354248] e1000: Intel(R) PRO/1000 Network Driver
[    0.354250] e1000: Copyright (c) 1999-2006 Intel Corporation.
[    0.590075] ata7.00: ATAPI: VBOX CD-ROM, 1.0, max UDMA/133
[    0.720934] ata1: SATA link up 3.0 Gbps (SStatus 123 SControl 300)
[    0.721128] ata1.00: ATA-6: VBOX HARDDISK, 1.0, max UDMA/133
[    0.721133] ata1.00: 41943040 sectors, multi 128: LBA48 NCQ (depth 32)
[    0.721418] ata1.00: configured for UDMA/133
[    0.721567] scsi 0:0:0:0: Direct-Access     ATA      VBOX HARDDISK    1.0  PQ: 0 ANSI: 5
[    0.721816] sd 0:0:0:0: Attached scsi generic sg0 type 0
[    0.721840] sd 0:0:0:0: [sda] 41943040 512-byte logical blocks: (21.5 GB/20.0 GiB)
[    0.721848] sd 0:0:0:0: [sda] Write Protect is off
[    0.721851] sd 0:0:0:0: [sda] Mode Sense: 00 3a 00 00
[    0.721858] sd 0:0:0:0: [sda] Write cache: enabled, read cache: enabled, doesn't support DPO or FUA
[    0.721872] sd 0:0:0:0: [sda] Preferred minimum I/O size 512 bytes
[    1.073443]  sda: sda1 sda2 sda3
[    1.073891] sd 0:0:0:0: [sda] Attached SCSI disk
[    1.078600] e1000 0000:00:03.0 eth0: (PCI:33MHz:32-bit) 08:00:27:c7:f6:0b
[    1.078600] e1000 0000:00:03.0 eth0: Intel(R) PRO/1000 Network Connection
[    1.078600] e1000e: Intel(R) PRO/1000 Network Driver
[    1.078600] e1000e: Copyright(c) 1999 - 2015 Intel Corporation.
[    1.078600] sky2: driver version 1.30
[    1.079401] xhci_hcd 0000:00:0c.0: xHCI Host Controller
[    1.079552] xhci_hcd 0000:00:0c.0: new USB bus registered, assigned bus number 1
[    1.081193] xhci_hcd 0000:00:0c.0: hcc params 0x04000000 hci version 0x100 quirks 0x000000000000b930
[    1.081431] xhci_hcd 0000:00:0c.0: xHCI Host Controller
[    1.081507] xhci_hcd 0000:00:0c.0: new USB bus registered, assigned bus number 2
[    1.081513] xhci_hcd 0000:00:0c.0: Host supports USB 3.0 SuperSpeed
[    1.081596] usb usb1: New USB device found, idVendor=1d6b, idProduct=0002, bcdDevice= 6.18
[    1.081601] usb usb1: New USB device strings: Mfr=3, Product=2, SerialNumber=1
[    1.081605] usb usb1: Product: xHCI Host Controller
[    1.081608] usb usb1: Manufacturer: Linux 6.18.0-rc6-next-20251117-eandres xhci-hcd
[    1.081611] usb usb1: SerialNumber: 0000:00:0c.0
[    1.081779] hub 1-0:1.0: USB hub found
[    1.081816] hub 1-0:1.0: 8 ports detected
[    1.082107] usb usb2: New USB device found, idVendor=1d6b, idProduct=0003, bcdDevice= 6.18
[    1.082112] usb usb2: New USB device strings: Mfr=3, Product=2, SerialNumber=1
[    1.082116] usb usb2: Product: xHCI Host Controller
[    1.082119] usb usb2: Manufacturer: Linux 6.18.0-rc6-next-20251117-eandres xhci-hcd
[    1.082122] usb usb2: SerialNumber: 0000:00:0c.0
[    1.082284] hub 2-0:1.0: USB hub found
[    1.082314] hub 2-0:1.0: 6 ports detected
[    1.082589] usbcore: registered new interface driver usblp
[    1.082606] usbcore: registered new interface driver usb-storage
[    1.082636] i8042: PNP: PS/2 Controller [PNP0303:PS2K,PNP0f03:PS2M] at 0x60,0x64 irq 1,12
[    1.083255] serio: i8042 KBD port at 0x60,0x64 irq 1
[    1.083264] serio: i8042 AUX port at 0x60,0x64 irq 12
[    1.083906] rtc_cmos rtc_cmos: registered as rtc0
[    1.083964] rtc_cmos rtc_cmos: alarms up to one day, 114 bytes nvram
[    1.084033] input: AT Translated Set 2 keyboard as /devices/platform/i8042/serio0/input/input3
[    1.084055] device-mapper: ioctl: 4.50.0-ioctl (2025-04-28) initialised: dm-devel@lists.linux.dev
[    1.084064] intel_pstate: CPU model not supported
[    1.084218] simple-framebuffer simple-framebuffer.0: [drm] Registered 1 planes with drm panic
[    1.084228] [drm] Initialized simpledrm 1.0.0 for simple-framebuffer.0 on minor 0
[    1.087167] Console: switching to colour frame buffer device 128x48
[    1.087667] simple-framebuffer simple-framebuffer.0: [drm] fb0: simpledrmdrmfb frame buffer device
[    1.087947] hid: raw HID events driver (C) Jiri Kosina
[    1.088356] usbcore: registered new interface driver usbhid
[    1.088370] usbhid: USB HID core driver
[    1.089081] Initializing XFRM netlink socket
[    1.089127] NET: Registered PF_INET6 protocol family
[    1.089735] Segment Routing with IPv6
[    1.089772] In-situ OAM (IOAM) with IPv6
[    1.089828] sit: IPv6, IPv4 and MPLS over IPv4 tunneling driver
[    1.090104] NET: Registered PF_PACKET protocol family
[    1.090291] 9pnet: Installing 9P2000 support
[    1.090415] Key type dns_resolver registered
[    1.092596] input: ImExPS/2 Generic Explorer Mouse as /devices/platform/i8042/serio1/input/input5
[    1.092927] IPI shorthand broadcast: enabled
[    1.093894] sched_clock: Marking stable (1090554075, 2340811)->(1138759702, -45864816)
[    1.096198] registered taskstats version 1
[    1.096207] Loading compiled-in X.509 certificates
[    1.098380] Demotion targets for Node 0: null
[    1.098499] PM:   Magic number: 1:252:496
[    1.098600] netconsole: network logging started
[    1.098684] cfg80211: Loading compiled-in X.509 certificates for regulatory database
[    1.098852] kworker/u33:0 (115) used greatest stack depth: 14032 bytes left
[    1.099194] Loaded X.509 cert 'sforshee: 00b28ddf47aef9cea7'
[    1.100751] Loaded X.509 cert 'wens: 61c038651aabdcf94bd0ac7ff06c7248db18c600'
[    1.101159] faux_driver regulatory: Direct firmware load for regulatory.db failed with error -2
[    1.101376] cfg80211: failed to load regulatory.db
[    1.101637] ALSA device list:
[    1.101911]   No soundcards found.
[    1.102173] check access for rdinit=/init failed: -2, ignoring
[    1.224744] ata2: SATA link up 3.0 Gbps (SStatus 123 SControl 300)
[    1.225292] ata2.00: ATA-6: VBOX HARDDISK, 1.0, max UDMA/133
[    1.225821] ata2.00: 62914560 sectors, multi 128: LBA48 NCQ (depth 32)
[    1.226512] ata2.00: configured for UDMA/133
[    1.227181] scsi 1:0:0:0: Direct-Access     ATA      VBOX HARDDISK    1.0  PQ: 0 ANSI: 5
[    1.227699] scsi 1:0:0:0: Attached scsi generic sg1 type 0
[    1.227974] sd 1:0:0:0: [sdb] 62914560 512-byte logical blocks: (32.2 GB/30.0 GiB)
[    1.228368] sd 1:0:0:0: [sdb] Write Protect is off
[    1.228586] sd 1:0:0:0: [sdb] Mode Sense: 00 3a 00 00
[    1.228732] sd 1:0:0:0: [sdb] Write cache: enabled, read cache: enabled, doesn't support DPO or FUA
[    1.229077] sd 1:0:0:0: [sdb] Preferred minimum I/O size 512 bytes
[    2.081794] usb 1-1: new full-speed USB device number 2 using xhci_hcd
[    2.220045] ata3: SATA link down (SStatus 0 SControl 300)
[    2.229189]  sdb: sdb1 sdb2 sdb3
[    2.230236] sd 1:0:0:0: [sdb] Attached SCSI disk
[    2.780644] usb 1-1: New USB device found, idVendor=80ee, idProduct=0021, bcdDevice= 1.00
[    2.780884] usb 1-1: New USB device strings: Mfr=1, Product=3, SerialNumber=0
[    2.781130] usb 1-1: Product: USB Tablet
[    2.781336] usb 1-1: Manufacturer: VirtualBox
[    2.784713] input: VirtualBox USB Tablet as /devices/pci0000:00/0000:00:0c.0/usb1/1-1/1-1:1.0/0003:80EE:0021.0001/input/input6
[    2.785561] hid-generic 0003:80EE:0021.0001: input,hidraw0: USB HID v1.10 Mouse [VirtualBox USB Tablet] on usb-0000:00:0c.0-1/input0
[    2.975780] ata4: SATA link down (SStatus 0 SControl 300)
[    3.450455] ata5: SATA link down (SStatus 0 SControl 300)
[    3.451240] scsi 6:0:0:0: CD-ROM            VBOX     CD-ROM           1.0  PQ: 0 ANSI: 5
[    3.584771] sr 6:0:0:0: [sr0] scsi3-mmc drive: 32x/32x xa/form2 tray
[    3.585009] cdrom: Uniform CD-ROM driver Revision: 3.20
[    3.723126] sr 6:0:0:0: Attached scsi CD-ROM sr0
[    3.723309] sr 6:0:0:0: Attached scsi generic sg2 type 5
[    3.725640] md: Waiting for all devices to be available before autodetect
[    3.725879] md: If you don't use raid, use raid=noautodetect
[    3.726286] md: Autodetecting RAID arrays.
[    3.726508] md: autorun ...
[    3.726716] md: ... autorun DONE.
[    4.073026] EXT4-fs (sda3): orphan cleanup on readonly fs
[    4.074446] EXT4-fs (sda3): mounted filesystem 836e03d6-3891-4be5-9484-fc425992bc61 ro with ordered data mode. Quota mode: none.
[    4.075571] VFS: Mounted root (ext4 filesystem) readonly on device 8:3.
[    4.079126] devtmpfs: mounted
[    4.081557] Freeing unused kernel image (initmem) memory: 2840K
[    4.082013] Write protecting the kernel read-only data: 28672k
[    4.083242] Freeing unused kernel image (text/rodata gap) memory: 1312K
[    4.084367] Freeing unused kernel image (rodata/data gap) memory: 576K
[    4.135857] x86/mm: Checked W+X mappings: passed, no W+X pages found.
[    4.136119] x86/mm: Checking user space page tables
[    4.184894] x86/mm: Checked W+X mappings: passed, no W+X pages found.
[    4.185456] Run /sbin/init as init process
[    4.185699]   with arguments:
[    4.185700]     /sbin/init
[    4.185701]   with environment:
[    4.185701]     HOME=/
[    4.185702]     TERM=linux
[    4.422540] stty (135) used greatest stack depth: 12776 bytes left
[    4.439316] dmesg (136) used greatest stack depth: 12712 bytes left
[    4.452544] ls (138) used greatest stack depth: 12664 bytes left
[    4.534426] sed (148) used greatest stack depth: 12592 bytes left
[    4.635873] sed (230) used greatest stack depth: 12496 bytes left
[    4.906518] udevd[261]: Starting systemd-udevd version 257.8
[    4.937263] udevd[262]: Using default interface naming scheme 'v257'.
[    4.946480] udevd[262]: /usr/lib/udev/rules.d/50-udev-default.rules:46 Unknown group 'input', ignoring.
[    5.007973] e1000 0000:00:03.0 enp0s3: renamed from eth0
[    6.279943] Adding 2097148k swap on /dev/sda2.  Priority:1 extents:1 across:2097148k 
[    6.299595] EXT4-fs (sda3): re-mounted 836e03d6-3891-4be5-9484-fc425992bc61.
[    6.385346] EXT4-fs (sda3): re-mounted 836e03d6-3891-4be5-9484-fc425992bc61 r/w.
[    6.403122] FAT-fs (sda1): Volume was not properly unmounted. Some data may be corrupt. Please run fsck.
[    7.403135] e1000: enp0s3 NIC Link is Up 1000 Mbps Full Duplex, Flow Control: RX
